../Core/Src/main.c:139:6:lcd_send_cmd	32	static
../Core/Src/main.c:152:6:lcd_send_data	32	static
../Core/Src/main.c:165:6:lcd_clear	8	static
../Core/Src/main.c:172:6:lcd_put_cur	16	static
../Core/Src/main.c:187:6:lcd_init	8	static
../Core/Src/main.c:213:6:lcd_send_string	16	static
../Core/Src/main.c:224:5:main	8	static
../Core/Src/main.c:328:6:SystemClock_Config	88	static
../Core/Src/main.c:376:13:MX_ADC1_Init	24	static
../Core/Src/main.c:428:13:MX_I2C1_Init	8	static
../Core/Src/main.c:462:13:MX_TIM3_Init	48	static
../Core/Src/main.c:520:13:MX_TIM6_Init	16	static
../Core/Src/main.c:558:13:MX_TIM12_Init	24	static
../Core/Src/main.c:596:13:MX_TIM14_Init	40	static
../Core/Src/main.c:642:13:MX_USART2_UART_Init	8	static
../Core/Src/main.c:675:13:MX_GPIO_Init	48	static
../Core/Src/main.c:719:6:usDelay	16	static
../Core/Src/main.c:729:6:HAL_ADC_ConvCpltCallback	16	static
../Core/Src/main.c:735:6:HAL_TIM_IC_CaptureCallback	16	static
../Core/Src/main.c:765:6:STARTBLINK0	16	static
../Core/Src/main.c:785:6:STARTBLINK1	16	static
../Core/Src/main.c:805:6:UPDATELCD	16	static
../Core/Src/main.c:831:6:UPDATEMOTION	16	static
../Core/Src/main.c:852:6:UPDATEDISTANCE	24	static
../Core/Src/main.c:900:6:UPDATESERVO	24	static
../Core/Src/main.c:934:6:HAL_TIM_PeriodElapsedCallback	16	static
../Core/Src/main.c:951:6:Error_Handler	4	static,ignoring_inline_asm
